
F:\MT\proto_tool>del Cmd.cs 

F:\MT\proto_tool>del Cmd.dll 

F:\MT\proto_tool>del CmdSerializer.dll 

F:\MT\proto_tool>del Cmd.bin 

F:\MT\proto_tool>del Cmd.proto 

F:\MT\proto_tool>copy ..\protobuf\*.proto cmdmanager 
..\protobuf\account.proto
..\protobuf\activity.proto
..\protobuf\alx.proto
..\protobuf\arena.proto
..\protobuf\bag.proto
..\protobuf\box.proto
..\protobuf\buff.proto
..\protobuf\card.proto
..\protobuf\chat.proto
..\protobuf\clan.proto
..\protobuf\client_error.proto
..\protobuf\collect.proto
..\protobuf\common.proto
..\protobuf\duel.proto
..\protobuf\email.proto
..\protobuf\entity.proto
..\protobuf\equip.proto
..\protobuf\escort.proto
..\protobuf\fb.proto
..\protobuf\friend.proto
..\protobuf\fuwen.proto
..\protobuf\gamelog.proto
..\protobuf\gm.proto
..\protobuf\heartbeat.proto
..\protobuf\login.proto
..\protobuf\mercenary.proto
..\protobuf\misc.proto
..\protobuf\mount.proto
..\protobuf\move.proto
..\protobuf\pet.proto
..\protobuf\prestige.proto
..\protobuf\quest.proto
..\protobuf\radarmap.proto
..\protobuf\relation.proto
..\protobuf\server_activity.proto
..\protobuf\server_db.proto
..\protobuf\server_logdb.proto
..\protobuf\shop.proto
..\protobuf\skill.proto
..\protobuf\talent.proto
..\protobuf\team.proto
..\protobuf\team_fb.proto
..\protobuf\welfare.proto
已复制        43 个文件。

F:\MT\proto_tool>python removepack.py ../protobuf cmdmanager 
['proto.account', 'proto.activity', 'proto.alx', 'proto.arena', 'proto.bag', 'proto.box', 'proto.buff', 'proto.card', 'proto.chat', 'proto.clan', 'client.error', 'proto.collect', 'proto.common', 'proto.duel', 'proto.email', 'proto.entity', 'proto.equip', 'proto.escort', 'proto.fb', 'proto.friends', 'proto.fuwen', 'proto.gamelog', 'proto.gm', 'proto.heartbeat', 'proto.login', 'proto.mercenary', 'proto.misc', 'proto.mount', 'proto.move', 'proto.pet', 'proto.prestige', 'proto.quest', 'proto.radarmap', 'proto.relation', 'proto.server_activity', 'server.db', 'server.logdb', 'proto.shop', 'proto.skill', 'proto.talent', 'proto.team', 'proto.team_fb', 'proto.welfare']

F:\MT\proto_tool>type cmdmanager\*.proto  1>>Cmd.proto 

F:\MT\proto_tool>findstr /iv "import" Cmd.proto 1>Cmd1.proto  & move Cmd1.proto Cmd.proto 
移动了         1 个文件。

F:\MT\proto_tool>findstr /iv "package" Cmd.proto 1>Cmd1.proto  & move Cmd1.proto Cmd.proto 
移动了         1 个文件。

F:\MT\proto_tool>copy /y Cmd.proto protobuf-net\ProtoGen 
已复制         1 个文件。

F:\MT\proto_tool>protobuf-net\ProtoGen\protoc -I. Cmd.proto -o Cmd.bin 

F:\MT\proto_tool>protobuf-net\ProtoGen\protogen -i:Cmd.bin -o:Cmd.cs 
protobuf-net:protogen - code generator for .proto

F:\MT\proto_tool>copy /y Cmd.cs Cmd\Cmd\ 
已复制         1 个文件。

F:\MT\proto_tool>"devenv.com" /rebuild Debug Cmd\Cmd.sln /project "Cmd\Cmd.csproj" /projectconfig Debug 

Microsoft Visual Studio 2013 12.0.21005.1 版。
版权所有(C) Microsoft Corp. 保留所有权利。
1>------ 已启动全部重新生成:  项目: Cmd, 配置: Debug Any CPU ------
1>  Cmd -> F:\MT\proto_tool\Cmd\Cmd\bin\Debug\Cmd.dll
========== 全部重新生成:  成功 1 个，失败 0 个，跳过 0 个 ==========

F:\MT\proto_tool>copy /y Cmd\Cmd\bin\Debug\Cmd.dll 
已复制         1 个文件。

F:\MT\proto_tool>protobuf-net\Precompile\precompile Cmd.dll -o:CmdSerializer.dll -t:CmdSerializer 
protobuf-net pre-compiler
Detected framework: C:\Windows\Microsoft.NET\Framework\v2.0.50727
Resolved C:\Windows\Microsoft.NET\Framework\v2.0.50727\mscorlib.dll
Resolved C:\Windows\Microsoft.NET\Framework\v2.0.50727\System.dll
Resolved protobuf-net.dll
Adding Cmd.ACCOUNT_ACTIVE_RES...
Adding Cmd.AccountDetail...
Adding Cmd.ACITIVTY_CMD_ID...
Adding Cmd.ACTIVE_PACKET_STATE_TYPE...
Adding Cmd.ACTIVITY_TYPE...
Adding Cmd.ActivityData...
Adding Cmd.ActivityRoleUpdateInfo...
Adding Cmd.ActorAttr...
Adding Cmd.ADVANCED_ANIMAL_ATTR_ID...
Adding Cmd.AgreeDuel...
Adding Cmd.AlX_CMD_ID...
Adding Cmd.ALxFlagState...
Adding Cmd.AlxResInfo...
Adding Cmd.AlxRoleInfo...
Adding Cmd.AlxRoleUpdateInfo...
Adding Cmd.APPLY_TEAM_ERROR_CODE...
Adding Cmd.ApplyList...
Adding Cmd.ApplyNode...
Adding Cmd.ARENA_CMD_ID...
Adding Cmd.ArenaData...
Adding Cmd.AttachMent...
Adding Cmd.ATTR_FLAGS...
Adding Cmd.AwardItem...
Adding Cmd.BagCells...
Adding Cmd.boxinfo...
Adding Cmd.BriefAccountDetail...
Adding Cmd.BUFF_CMD_ID...
Adding Cmd.BUFF_SUB_TYPE...
Adding Cmd.BUFF_TYPE...
Adding Cmd.BuffInfo...
Adding Cmd.BuyBackItemInfo...
Adding Cmd.BuyMoney...
Adding Cmd.CActivityAddRole...
Adding Cmd.CActivityAwardResult...
Adding Cmd.CActivityMatchView...
Adding Cmd.CActivityRankList...
Adding Cmd.CActivityRoleUpdateInfo...
Adding Cmd.CActivityStart...
Adding Cmd.CActivityUpdateRole...
Adding Cmd.CampData...
Adding Cmd.cardbagitem...
Adding Cmd.CardInfo...
Adding Cmd.CEscortCampScoreUpdate...
Adding Cmd.ChangeMountState...
Adding Cmd.CharBag...
Adding Cmd.CharMoney...
Adding Cmd.ChatChannelType...
Adding Cmd.ChatLeaveMsgOpt...
Adding Cmd.ChatMessageFromServer...
Adding Cmd.ChatMessageToServer...
Adding Cmd.ChatPlayerAllLeaves...
Adding Cmd.ChatPlayerLeaveMessageInfo...
Adding Cmd.CItem...
Adding Cmd.CLAN_CMD_ID...
Adding Cmd.CLAN_EVENT_PROTO...
Adding Cmd.ClanEventList...
Adding Cmd.ClanInfo...
Adding Cmd.ClanList...
Adding Cmd.ClanListNode...
Adding Cmd.ClanMemInfo...
Adding Cmd.ClanMemList...
Adding Cmd.ClanMemUpdate...
Adding Cmd.ClanNumNode...
Adding Cmd.ClanState...
Adding Cmd.ClanStatisticHelpList...
Adding Cmd.ClanStatisticInfo...
Adding Cmd.ClanSupportList...
Adding Cmd.CMD_ID...
Adding Cmd.COLLECT_CMD_ID...
Adding Cmd.COLLECT_RES...
Adding Cmd.CollectBreak...
Adding Cmd.CollectObj...
Adding Cmd.CollectObjRes...
Adding Cmd.COMMON_ERROR_CODE...
Adding Cmd.Coord...
Adding Cmd.CPetData...
Adding Cmd.CProtoActivityClose...
Adding Cmd.CProtoActivityRoleInfo...
Adding Cmd.CProtoAddBuff...
Adding Cmd.CProtoAirWall...
Adding Cmd.CProtoArenaAddRole...
Adding Cmd.CProtoArenaChalenge...
Adding Cmd.CProtoArenaDelRole...
Adding Cmd.CProtoArenaInfo...
Adding Cmd.CProtoArenaResult...
Adding Cmd.CProtoArenaRoleInfo...
Adding Cmd.CProtoArenaUpdateRole...
Adding Cmd.CProtoAwardItem...
Adding Cmd.CProtoBagInDB...
Adding Cmd.CProtoBeKilled...
Adding Cmd.CProtoBuffBase...
Adding Cmd.CProtoBuffEffect...
Adding Cmd.CProtoBulletCollider...
Adding Cmd.CProtoBulletColliderItem...
Adding Cmd.CProtoChangeSeal...
Adding Cmd.CProtoCmdAdjustPos...
Adding Cmd.CProtoCmdResetPos...
Adding Cmd.CProtoCombatStateChange...
Adding Cmd.CProtoDelBuff...
Adding Cmd.CProtoDelHate...
Adding Cmd.CProtoDropInfo...
Adding Cmd.CProtoEnableProfOperate...
Adding Cmd.CProtoEntityList...
Adding Cmd.CProtoHateList...
Adding Cmd.CProtoItem...
Adding Cmd.CProtoMercenaryUseSkill...
Adding Cmd.CProtoMoveVector...
Adding Cmd.CProtoMurderCompeteRankList...
Adding Cmd.CProtoMurderCompeteResult...
Adding Cmd.CProtoMurderCompeteScoreUpdate...
Adding Cmd.CProtoMurderCompeteStart...
Adding Cmd.CProtoMurderCompeteUpdate...
Adding Cmd.CProtoNewSkill...
Adding Cmd.CProtoReqHate...
Adding Cmd.CProtoResetCD...
Adding Cmd.CProtoSkillDamage...
Adding Cmd.CProtoSkillInDB...
Adding Cmd.CProtoSkillItem...
Adding Cmd.CProtoSkillLevelUp...
Adding Cmd.CProtoSkillLevelUpResult...
Adding Cmd.CProtoSkillList...
Adding Cmd.CProtoSkillOperate...
Adding Cmd.CProtoSkillProf...
Adding Cmd.CProtoSkillProp...
Adding Cmd.CProtoSkillRow...
Adding Cmd.CProtoSkillTrigger...
Adding Cmd.CProtoSkillTriggerItem...
Adding Cmd.CProtoSkillTriggerPassive...
Adding Cmd.CProtoTipMsg...
Adding Cmd.CProtoUpdateSkillDB...
Adding Cmd.CProtoUseSkill...
Adding Cmd.CProtoWSGDelRole...
Adding Cmd.CProtoWSGFlagState...
Adding Cmd.CProtoWSGInfo...
Adding Cmd.CProtoWSGReadyGo...
Adding Cmd.CProtoWSGResult...
Adding Cmd.CProtoWSGScoreUpdate...
Adding Cmd.CProtoWSGUpdateRole...
Adding Cmd.CreateEntity...
Adding Cmd.CreateEntityDB...
Adding Cmd.CreateMount...
Adding Cmd.CreateMountRes...
Adding Cmd.DayTeamFbBossCnt...
Adding Cmd.DayTeamFBData...
Adding Cmd.DB_OPRATOR_ERR_TYPE...
Adding Cmd.DB_OPRATOR_TYPE...
Adding Cmd.DB_RelationGroupOptSets...
Adding Cmd.DB_RelationMemberOptSets...
Adding Cmd.DBOprResult...
Adding Cmd.DBServerActivityInfos...
Adding Cmd.DBServerActivityRecord...
Adding Cmd.DBServerActivityReward...
Adding Cmd.DBUserServerCode...
Adding Cmd.DelEmailDataByDB...
Adding Cmd.DelFriendGroupDataByDB...
Adding Cmd.DelFriendShipDataByDB...
Adding Cmd.DelItem...
Adding Cmd.DropContentInfo...
Adding Cmd.DUEL_TYPE...
Adding Cmd.DuelData...
Adding Cmd.DuelResult...
Adding Cmd.EMAIL_TYPE...
Adding Cmd.EmailAttrs...
Adding Cmd.EmailDataToDBAndC...
Adding Cmd.EmailInfo...
Adding Cmd.EN_GROUP_ID...
Adding Cmd.ENSKILL_OP...
Adding Cmd.ENSKILL_RESULT_TYPE...
Adding Cmd.ENTITY_ATTR_ID...
Adding Cmd.ENTITY_RATIO_ATTR_ID...
Adding Cmd.ENTITY_STATES...
Adding Cmd.EntityAddExp...
Adding Cmd.EntityTargetChange...
Adding Cmd.EquipItem...
Adding Cmd.EventNode...
Adding Cmd.ExpendItems...
Adding Cmd.FBChapterInfo...
Adding Cmd.FBDBData...
Adding Cmd.FBDBDataItem...
Adding Cmd.FBPassInfo...
Adding Cmd.FBResult...
Adding Cmd.FeedMount...
Adding Cmd.FeedMountRes...
Adding Cmd.FlagPos...
Adding Cmd.FloatAttr...
Adding Cmd.FriendGroupAttrs...
Adding Cmd.FriendGroupData...
Adding Cmd.FriendGroupDataToDB...
Adding Cmd.FRIENDSHIP_ERROR_CODE...
Adding Cmd.FriendShipAttrs...
Adding Cmd.FriendShipData...
Adding Cmd.FriendShipDataToDB...
Adding Cmd.FROM_DBSERVER_CMD_ID...
Adding Cmd.FROM_GAMELOGDBSERVER_CMD_ID...
Adding Cmd.FuwenActive...
Adding Cmd.FuwenInlay...
Adding Cmd.FuwenNode...
Adding Cmd.FuwenNodeDB...
Adding Cmd.FuwenNodeList...
Adding Cmd.FuwenNodeListDB...
Adding Cmd.FuwenUnInlay...
Adding Cmd.FuwenUpgrade...
Adding Cmd.GB_ChatLeaveMsg...
Adding Cmd.GetTeamListReq...
Adding Cmd.GetTeamListRes...
Adding Cmd.GetTeamLObjCfgRes...
Adding Cmd.GetTeamObjCfgReq...
Adding Cmd.GlobalData...
Adding Cmd.GMEmailAttrs...
Adding Cmd.GMMailMessage...
Adding Cmd.GMRoleLV...
Adding Cmd.GMSendNotice...
Adding Cmd.GoalNode...
Adding Cmd.GoalNodeDB...
Adding Cmd.Group...
Adding Cmd.GROUP_TYPE...
Adding Cmd.GROUP_TYPE_E...
Adding Cmd.HateItem...
Adding Cmd.HonorInfo...
Adding Cmd.InitAlxInfo...
Adding Cmd.InitRankInfo...
Adding Cmd.Int64Attr...
Adding Cmd.IntAttr...
Adding Cmd.Inviate...
Adding Cmd.ItemBags...
Adding Cmd.ItemBaseUpdate...
Adding Cmd.ItemBuyData...
Adding Cmd.ItemProp...
Adding Cmd.JOB_TYPES...
Adding Cmd.LeaveInfo...
Adding Cmd.LeaveInfoList...
Adding Cmd.MapPos...
Adding Cmd.MatchView...
Adding Cmd.MemberAutoReq...
Adding Cmd.MemberAutoRes...
Adding Cmd.MemberBaseAttr...
Adding Cmd.MercenaryData...
Adding Cmd.MercenaryDBEquip...
Adding Cmd.MercenaryDBItem...
Adding Cmd.MercenaryEquip...
Adding Cmd.MercenaryItem...
Adding Cmd.MONSTER_ATTR_ID...
Adding Cmd.Mount...
Adding Cmd.MountList...
Adding Cmd.MountNode...
Adding Cmd.MountNodeList...
Adding Cmd.MountResult...
Adding Cmd.MountState...
Adding Cmd.MOVE_ERROR_CODE...
Adding Cmd.NotifyAccountLogout...
Adding Cmd.NotifyAccountLogout+LogoutReason...
Adding Cmd.NotifyAlxAddRole...
Adding Cmd.NotifyAlxCampScoreUpdate...
Adding Cmd.NotifyAlxDelRole...
Adding Cmd.NotifyAlxReadyGo...
Adding Cmd.NotifyAlxResChange...
Adding Cmd.NotifyAlxResult...
Adding Cmd.NotifyAlxUpdateRelive...
Adding Cmd.NotifyAlxUpdateRole...
Adding Cmd.NotifyChangeExploit...
Adding Cmd.NotifyChatLeaveMessage...
Adding Cmd.NotifyConfirmingArenaProcess...
Adding Cmd.NotifyConfirmingJoinA...
Adding Cmd.NotifyConfirmingJoinArena...
Adding Cmd.NotifyCreateMatchTeam...
Adding Cmd.NotifyDelFriend...
Adding Cmd.NotifyEndBattle...
Adding Cmd.NotifyEnterView...
Adding Cmd.NotifyInvate...
Adding Cmd.NotifyKickVote...
Adding Cmd.NotifyLeaveView...
Adding Cmd.NotifyList...
Adding Cmd.NotifyMapPrestige...
Adding Cmd.NotifyMatchProcess...
Adding Cmd.NotifyMatchPunish...
Adding Cmd.NotifyOprError...
Adding Cmd.NotifyRadarMapPos...
Adding Cmd.NotifyRelationAddFriend...
Adding Cmd.NotifyRelationGroupMember...
Adding Cmd.NotifyRelationInit...
Adding Cmd.NotifyRelationSimpleGroupData...
Adding Cmd.NotifyServerActivityEntrys...
Adding Cmd.NotifyServerClose...
Adding Cmd.NotifyStartKickVote...
Adding Cmd.NotifyStartMove...
Adding Cmd.NotifyStartTeamFb...
Adding Cmd.NotifyStopMove...
Adding Cmd.NotifyTeamMatch...
Adding Cmd.NotifyTeamMatchA...
Adding Cmd.NotifyTeamMatchArena...
Adding Cmd.NotifyTeamMatchArenaResult...
Adding Cmd.NotifyTeamMatchAResult...
Adding Cmd.NotifyTeamMatchResult...
Adding Cmd.NotifyTransfer...
Adding Cmd.NotifyUpdateAgreeInfo...
Adding Cmd.NotifyUpdateTeam...
Adding Cmd.OneAttachNode...
Adding Cmd.OPRATOR_TYPE...
Adding Cmd.PersonalInfo...
Adding Cmd.PET_ATTR_ID...
Adding Cmd.PetAttrs...
Adding Cmd.PetDataToDB...
Adding Cmd.PictureInfo...
Adding Cmd.PLAYER_ATTR_ID...
Adding Cmd.PlayerDataLog...
Adding Cmd.PlayerLoginInfo...
Adding Cmd.PlayerLvUp...
Adding Cmd.PlayerRecvPackList...
Adding Cmd.POS_TYPE_ENUM...
Adding Cmd.PrestigeInfo...
Adding Cmd.PrestigeList...
Adding Cmd.ProductData...
Adding Cmd.proto_datacentre_base...
Adding Cmd.proto_datacentre_crashdata...
Adding Cmd.proto_datacentre_devicelogin...
Adding Cmd.proto_datacentre_itemlog...
Adding Cmd.proto_datacentre_paylog...
Adding Cmd.proto_datacentre_playerlogin...
Adding Cmd.proto_datacentre_user...
Adding Cmd.proto_datacentre_userlogin...
Adding Cmd.proto_dateacentre_onlinedata...
Adding Cmd.ProtoForgeAttr...
Adding Cmd.ProtoTeamInfo...
Adding Cmd.ProtoTeamObjCfg...
Adding Cmd.ProtoTeamOutObj...
Adding Cmd.QuestDetail...
Adding Cmd.QuestGoalDetail...
Adding Cmd.QuestNodeDB...
Adding Cmd.QuestNodeListDB...
Adding Cmd.QuestStatus...
Adding Cmd.QuitDuelMsg...
Adding Cmd.RealTimeMonitor...
Adding Cmd.RecommandInfo...
Adding Cmd.Relation...
Adding Cmd.RELATION_ADD_FRIEND_TYPE...
Adding Cmd.RELATION_CMD_ID...
Adding Cmd.RELATION_GROUP_DB_OPT_TYPE...
Adding Cmd.RELATION_MEMBER_DB_OPT_TYPE...
Adding Cmd.RELATION_TYPE...
Adding Cmd.RELATION_TYPE_E...
Adding Cmd.RelationData...
Adding Cmd.RelationDataToDB...
Adding Cmd.RelationEntry...
Adding Cmd.RelationEntrySets...
Adding Cmd.RelationGroupAttrs...
Adding Cmd.RelationGroupMember...
Adding Cmd.RelationGroupMemberList...
Adding Cmd.RelationList...
Adding Cmd.RelationMemberAttrs...
Adding Cmd.RelationPlayerMember...
Adding Cmd.RelationPlayerMemberList...
Adding Cmd.ReLiveType...
Adding Cmd.REQ_ACCOUNT_CMD_ID...
Adding Cmd.REQ_ACITIVTY_CMD_ID...
Adding Cmd.REQ_BAG_CMD_ID...
Adding Cmd.REQ_BOX_CMD_ID...
Adding Cmd.REQ_CARD_CMD_ID...
Adding Cmd.REQ_CHAT_CMD_ID...
Adding Cmd.REQ_CMD_ID...
Adding Cmd.REQ_DUEL_CMD_ID...
Adding Cmd.REQ_EMAIL_CMD_ID...
Adding Cmd.REQ_ENTITY_CMD_ID...
Adding Cmd.REQ_EQUIP_CMD_ID...
Adding Cmd.REQ_FB_CMD_ID...
Adding Cmd.REQ_FRIEND_CMD_ID...
Adding Cmd.REQ_FRIENDS_SOCIAL_TO_DB...
Adding Cmd.REQ_FUWEN_CMD_ID...
Adding Cmd.REQ_GM_EMAIL_CMD_ID...
Adding Cmd.REQ_HEARTBEAT_CMD_ID...
Adding Cmd.REQ_LOGIN_CMD_ID...
Adding Cmd.REQ_MERCENARY_CMD_ID...
Adding Cmd.REQ_MISC_CMD_ID...
Adding Cmd.REQ_MOUNT_CMD_ID...
Adding Cmd.REQ_MOVE_CMD_ID...
Adding Cmd.REQ_PET_CMD_ID...
Adding Cmd.REQ_PRESTIGE_CMD...
Adding Cmd.REQ_QUEST_CMD_ID...
Adding Cmd.REQ_RADAR_CMD_ID...
Adding Cmd.REQ_SHOP_CMD_ID...
Adding Cmd.REQ_TALENT_CMD_ID...
Adding Cmd.REQ_TEAM_CMD_ID...
Adding Cmd.REQ_WELFARE_CMD_ID...
Adding Cmd.ReqAcceptQuest...
Adding Cmd.ReqAcceptQuestGroup...
Adding Cmd.ReqAccountCmdActivate...
Adding Cmd.ReqAccountInfo...
Adding Cmd.ReqAccountLogin...
Adding Cmd.ReqAccountRegister...
Adding Cmd.ReqAddBlack...
Adding Cmd.ReqAddFriendApply...
Adding Cmd.ReqAddPetExp...
Adding Cmd.ReqAddValueMsg...
Adding Cmd.ReqAgreeApply...
Adding Cmd.ReqAgreeApplyDB...
Adding Cmd.ReqAgreeFriendApply...
Adding Cmd.ReqAgreeInvite...
Adding Cmd.ReqApplyTeam...
Adding Cmd.ReqAppointDuty...
Adding Cmd.ReqArrangeBag...
Adding Cmd.ReqBoxRewardMsg...
Adding Cmd.ReqBuyAward...
Adding Cmd.ReqBuyBackInfo...
Adding Cmd.ReqBuyItem...
Adding Cmd.ReqCancelMatch...
Adding Cmd.ReqCancelSingleAMatch...
Adding Cmd.ReqCancelSingleArenaMatch...
Adding Cmd.ReqCancelTeamMatch...
Adding Cmd.ReqCancelTeamMatchA...
Adding Cmd.ReqCancelTeamMatchArena...
Adding Cmd.ReqCardType...
Adding Cmd.ReqChangeAim...
Adding Cmd.ReqChangeDeclare...
Adding Cmd.ReqChangeMap...
Adding Cmd.ReqChangeNameMsg...
Adding Cmd.ReqChatGetItemInfo...
Adding Cmd.ReqClanDonate...
Adding Cmd.ReqClanInfo...
Adding Cmd.ReqClanList...
Adding Cmd.ReqClanMemList...
Adding Cmd.ReqClanUpgrade...
Adding Cmd.ReqCloseRadarMap...
Adding Cmd.ReqConfirmJoinA...
Adding Cmd.ReqConfirmJoinArena...
Adding Cmd.ReqCreateClan...
Adding Cmd.ReqCreateClanDB...
Adding Cmd.ReqCreateGroup...
Adding Cmd.ReqCreateRole...
Adding Cmd.ReqDealApply...
Adding Cmd.ReqDelBlack...
Adding Cmd.ReqDelClanDB...
Adding Cmd.ReqDelClanMemberDB...
Adding Cmd.ReqDelFriend...
Adding Cmd.ReqDelGroup...
Adding Cmd.ReqDelMember...
Adding Cmd.ReqDesigneeHeader...
Adding Cmd.ReqDestoryItem...
Adding Cmd.ReqDisAgreeApply...
Adding Cmd.ReqDoHelp...
Adding Cmd.ReqEmailOperate...
Adding Cmd.ReqEnterFB...
Adding Cmd.ReqEnterQuestArea...
Adding Cmd.ReqEquipAdvanced...
Adding Cmd.ReqEquipEat...
Adding Cmd.ReqEquipEnchant...
Adding Cmd.ReqExpandBag...
Adding Cmd.ReqFBAwardLottery...
Adding Cmd.ReqFetchAccount...
Adding Cmd.ReqFinishQuest...
Adding Cmd.ReqForgeAward...
Adding Cmd.ReqFriendRole...
Adding Cmd.ReqFriendSearchRole...
Adding Cmd.ReqGetChapterAward...
Adding Cmd.ReqGetClan...
Adding Cmd.ReqGetClanList...
Adding Cmd.ReqGetClanMemList...
Adding Cmd.ReqGetSevenAward...
Adding Cmd.ReqHeartBeat...
Adding Cmd.ReqInfoByPid...
Adding Cmd.ReqInvate...
Adding Cmd.ReqInviteTeam...
Adding Cmd.ReqItemForge...
Adding Cmd.ReqItemUse...
Adding Cmd.ReqJoinClan...
Adding Cmd.ReqJumpMap...
Adding Cmd.ReqKickMem...
Adding Cmd.ReqKickMemberVote...
Adding Cmd.ReqListRole...
Adding Cmd.ReqLoginRole...
Adding Cmd.ReqLogout...
Adding Cmd.ReqMercAddEquip...
Adding Cmd.ReqMercComposeEquip...
Adding Cmd.ReqMercenary...
Adding Cmd.ReqMercEquipSwallow...
Adding Cmd.ReqMercEquipUPOrder...
Adding Cmd.ReqMercRelive...
Adding Cmd.ReqMercSkillLevelUp...
Adding Cmd.ReqMercUseExpItem...
Adding Cmd.ReqMoveGroup...
Adding Cmd.ReqNpcDialog...
Adding Cmd.ReqNullMsg...
Adding Cmd.ReqOpenRadarMap...
Adding Cmd.ReqPetChangeName...
Adding Cmd.ReqPetDate...
Adding Cmd.ReqPickUpDrop...
Adding Cmd.ReqPlayerMatch...
Adding Cmd.ReqPutOnEquip...
Adding Cmd.ReqRecommandSearchFriend...
Adding Cmd.ReqRefuseFriendApply...
Adding Cmd.ReqRelationAdd...
Adding Cmd.ReqRelationAddFriendsBat...
Adding Cmd.ReqRelationAgreeFriendApply...
Adding Cmd.ReqRelationCreateGroup...
Adding Cmd.ReqRelationDel...
Adding Cmd.ReqRelationDelGroup...
Adding Cmd.ReqRelationGroupMemberData...
Adding Cmd.ReqRelationMoveGroup...
Adding Cmd.ReqRelationRecommandFriend...
Adding Cmd.ReqRelationRecommandSearchFriend...
Adding Cmd.ReqRelationSimpleData...
Adding Cmd.ReqRelive...
Adding Cmd.ReqReplayInvate...
Adding Cmd.ReqReplayKick...
Adding Cmd.ReqReplayStartTeamFb...
Adding Cmd.ReqReplayTeamMatch...
Adding Cmd.ReqReplayTeamMatchA...
Adding Cmd.ReqReplayTeamMatchArena...
Adding Cmd.ReqResetTalentMsg...
Adding Cmd.ReqRideMount...
Adding Cmd.ReqRoleAdvance...
Adding Cmd.ReqRoleID...
Adding Cmd.ReqsCreateRole...
Adding Cmd.ReqSearchClan...
Adding Cmd.ReqSellInfo...
Adding Cmd.ReqSellItem...
Adding Cmd.ReqServerActivityData...
Adding Cmd.ReqServerActivityGetCalendar...
Adding Cmd.ReqSetBattleArea...
Adding Cmd.ReqSetTarget...
Adding Cmd.ReqShopFaceInfo...
Adding Cmd.ReqShopInfo...
Adding Cmd.ReqSingleJoinAMatch...
Adding Cmd.ReqSingleJoinArenaMatch...
Adding Cmd.ReqStartMove...
Adding Cmd.ReqStopMove...
Adding Cmd.ReqSupport...
Adding Cmd.ReqSwapItem...
Adding Cmd.ReqTakeOffEquip...
Adding Cmd.ReqTeamMatch...
Adding Cmd.ReqTeamMatchA...
Adding Cmd.ReqTeamMatchArena...
Adding Cmd.ReqTouchFb...
Adding Cmd.ReqUpdateClanInfoDB...
Adding Cmd.ReqUpdateClanMemDB...
Adding Cmd.ReqUsePageMsg...
Adding Cmd.ReqUseServerCode...
Adding Cmd.ReqWelfareSignIn...
Adding Cmd.RES_ACCOUNT_CMD_ID...
Adding Cmd.RES_ACITIVTY_CMD_ID...
Adding Cmd.RES_BAG_CMD_ID...
Adding Cmd.RES_CARD_CMD_ID...
Adding Cmd.RES_CHAT_CMD_ID...
Adding Cmd.RES_DUEL_CMD_ID...
Adding Cmd.RES_EMAIL_CMD_ID...
Adding Cmd.RES_ENTITY_CMD_ID...
Adding Cmd.RES_EQUIP_CMD_ID...
Adding Cmd.RES_FB_CMD_ID...
Adding Cmd.RES_FRIEND_CMD_ID...
Adding Cmd.RES_FRIENDS_SOCIAL_TO_DB...
Adding Cmd.RES_HEARTBEAT_CMD_ID...
Adding Cmd.RES_LOGIN_CMD_ID...
Adding Cmd.RES_MERCENARY_CMD_ID...
Adding Cmd.RES_MISC_CMD_ID...
Adding Cmd.RES_MOVE_CMD_ID...
Adding Cmd.RES_PET_CMD_ID...
Adding Cmd.RES_PET_TRAIN_SOCIAL_TO_DB...
Adding Cmd.RES_QUEST_CMD_ID...
Adding Cmd.RES_ROLE_CMD_ID_CLIENT_ERROR...
Adding Cmd.RES_SHOP_CMD_ID...
Adding Cmd.RES_TALENT_CMD_ID...
Adding Cmd.RES_WELFARE_CMD_ID...
Adding Cmd.ResAccountCmdActivate...
Adding Cmd.ResAccountLogin...
Adding Cmd.ResAccountLogin+LoginResult...
Adding Cmd.ResAccountRegister...
Adding Cmd.ResAccountRegister+RegisterResult...
Adding Cmd.ResActivatePageMsg...
Adding Cmd.ResAddBlack...
Adding Cmd.ResAddFriendApply...
Adding Cmd.ResAddValueMsg...
Adding Cmd.ResAgreeFriendApply...
Adding Cmd.ResAgreeInvite...
Adding Cmd.ResArrangeBag...
Adding Cmd.ResBagUpdate...
Adding Cmd.ResBoxRewardMsg...
Adding Cmd.ResBuyAward...
Adding Cmd.ResBuyBackFaceInfo...
Adding Cmd.ResBuyItem...
Adding Cmd.ResCancelMatch...
Adding Cmd.ResCancelSingleAMatch...
Adding Cmd.ResCancelSingleArenaMatch...
Adding Cmd.ResCancelTeamMatch...
Adding Cmd.ResCancelTeamMatchA...
Adding Cmd.ResCancelTeamMatchArena...
Adding Cmd.ResCardArray...
Adding Cmd.ResCardLimit...
Adding Cmd.ResCardOpen...
Adding Cmd.ResChangeNameMsg...
Adding Cmd.ResChatGetItemInfo...
Adding Cmd.ResClanID...
Adding Cmd.ResClanInfo...
Adding Cmd.ResClanMem...
Adding Cmd.ResCloseRadarMap...
Adding Cmd.ResCreateClan...
Adding Cmd.ResCreateGroup...
Adding Cmd.ResCreateRole...
Adding Cmd.ResCreateTeam...
Adding Cmd.ResDealApply...
Adding Cmd.ResDelBlack...
Adding Cmd.ResDeleteRole...
Adding Cmd.ResDelFriend...
Adding Cmd.ResDelGroup...
Adding Cmd.ResDelMember...
Adding Cmd.ResDesigneeHeader...
Adding Cmd.ResDestoryItem...
Adding Cmd.ResEmailContent...
Adding Cmd.ResEmailList...
Adding Cmd.ResEmailOperate...
Adding Cmd.ResEquipAdvanced...
Adding Cmd.ResEquipEat...
Adding Cmd.ResEquipEnchant...
Adding Cmd.ResExpandBag...
Adding Cmd.ResFailedInfo...
Adding Cmd.ResFBInfo...
Adding Cmd.ResFBLottery...
Adding Cmd.ResForgeAward...
Adding Cmd.ResFreeSoul...
Adding Cmd.ResGetChapterAward...
Adding Cmd.ResGetClanList...
Adding Cmd.ResGetClanMemList...
Adding Cmd.ResInfoByPid...
Adding Cmd.ResItemForge...
Adding Cmd.ResItemUse...
Adding Cmd.ResListRole...
Adding Cmd.ResLoginRole...
Adding Cmd.ResMatchAverageSec...
Adding Cmd.ResMercAddEquip...
Adding Cmd.ResMercAddExp...
Adding Cmd.ResMercAttr...
Adding Cmd.ResMercComposeEquip...
Adding Cmd.ResMercenary...
Adding Cmd.ResMercenaryList...
Adding Cmd.ResMercEquipExp...
Adding Cmd.ResMercEquipUpOrder...
Adding Cmd.ResMercSkillLevelUp...
Adding Cmd.ResMercUpOrder...
Adding Cmd.ResMercUpStar...
Adding Cmd.ResMoveGroup...
Adding Cmd.ResOpenRadarMap...
Adding Cmd.ResOtherExitTeam...
Adding Cmd.ResPetChangeName...
Adding Cmd.ResPetDate...
Adding Cmd.ResPetInfo...
Adding Cmd.ResPetUpdataExp...
Adding Cmd.ResPetUpgrade...
Adding Cmd.ResPickUpDrop...
Adding Cmd.ResPlayerAInfo...
Adding Cmd.ResPlayerArenaInfo...
Adding Cmd.ResPlayerMatch...
Adding Cmd.ResPutOnEquip...
Adding Cmd.ResQuestGroup...
Adding Cmd.ResQuestList...
Adding Cmd.ResRecommandFriend...
Adding Cmd.ResRecommandSearchFriend...
Adding Cmd.ResRefuseFriendApply...
Adding Cmd.ResRelationRecommandFriend...
Adding Cmd.ResRelationRecommandSearchFriend...
Adding Cmd.ResRelive...
Adding Cmd.ResResetMsg...
Adding Cmd.ResRoleAdvance...
Adding Cmd.ResSellItem...
Adding Cmd.ResSendInviteTeam...
Adding Cmd.ResSendIsApply...
Adding Cmd.ResServerActivityGetCalendar...
Adding Cmd.ResServerActivityRecvActiveItem...
Adding Cmd.ResServerList...
Adding Cmd.ResServerList+ServerInfo...
Adding Cmd.ResSetTarget...
Adding Cmd.ResShopFaceInfo...
Adding Cmd.ResShopInfo...
Adding Cmd.ResSingleJoinAMatch...
Adding Cmd.ResSingleJoinArenaMatch...
Adding Cmd.ResSpeciAdvanced...
Adding Cmd.ResSpeciChangeEquip...
Adding Cmd.ResSwapItem...
Adding Cmd.ResTakeOffEquip...
Adding Cmd.ResTouchFb...
Adding Cmd.RESULT_BOX_ENUM...
Adding Cmd.RESULT_EMAIL_ENUM...
Adding Cmd.RESULT_ENUM...
Adding Cmd.RESULT_EQUIP_ENUM...
Adding Cmd.RESULT_FRIEND_ENUM...
Adding Cmd.RESULT_MER_ENUM...
Adding Cmd.RESULT_PET_ENUM...
Adding Cmd.RESULT_RADAR_ENUM...
Adding Cmd.RESULT_SHOP_ENUM...
Adding Cmd.RESULT_TALENT_ENUM...
Adding Cmd.RESULT_TEAM_ENUM...
Adding Cmd.ResUpdataPoint...
Adding Cmd.ResUpdateApplyList...
Adding Cmd.ResUpdateBagItem...
Adding Cmd.ResUsePageMsg...
Adding Cmd.ResWelfareSignIn...
Adding Cmd.RET_CODE...
Adding Cmd.RoleDetail...
Adding Cmd.RoleInfo...
Adding Cmd.RoleListItem...
Adding Cmd.RoleProp...
Adding Cmd.SaveFuwenData...
Adding Cmd.SaveMercenaryInfoToDB...
Adding Cmd.SaveMountData...
Adding Cmd.SaveQuestData...
Adding Cmd.SaveRelationGroupToDB...
Adding Cmd.SaveTalentInfoToDB...
Adding Cmd.SenderInfo...
Adding Cmd.SERVER_ACTIVITY_CMD_ID...
Adding Cmd.SERVER_ACTIVITY_REWARD_STATE_TYPE...
Adding Cmd.SERVER_ACTIVITY_STATE_TYPE...
Adding Cmd.SERVER_ACTIVITY_TYPE...
Adding Cmd.SERVER_CODE_RES...
Adding Cmd.ServerActivityCalendar...
Adding Cmd.ServerActivityEntryInfo...
Adding Cmd.ServerActivityEntryList...
Adding Cmd.ServerActivityItemInfo...
Adding Cmd.ServerActivityRecord...
Adding Cmd.ServerActivityRecvActiveItem...
Adding Cmd.ServerActivityRecvEntry...
Adding Cmd.ServerActivityReward...
Adding Cmd.ServerActivityRewardItems...
Adding Cmd.ServerActivityTable...
Adding Cmd.ServerActivityTableConfig...
Adding Cmd.SetRandFlag...
Adding Cmd.SetTeamObjReq...
Adding Cmd.SetTeamObjRes...
Adding Cmd.ShopBuy...
Adding Cmd.ShopItemInfo...
Adding Cmd.ShopItems...
Adding Cmd.SignInData...
Adding Cmd.SignInDB...
Adding Cmd.SigninLottery...
Adding Cmd.SKILL_CMD_ID...
Adding Cmd.SkillDB...
Adding Cmd.SoulPos...
Adding Cmd.SPECI_BATTLE_TYPE...
Adding Cmd.SPECI_TYPES...
Adding Cmd.StartDuelMsg...
Adding Cmd.StrAttr...
Adding Cmd.stSaveFuBenData...
Adding Cmd.SupportInfo...
Adding Cmd.SupportInfoDB...
Adding Cmd.SupportInfoUpdate...
Adding Cmd.SystemJoin...
Adding Cmd.TalentCell...
Adding Cmd.TalentInfo...
Adding Cmd.TalentPage...
Adding Cmd.TeamAutoReq...
Adding Cmd.TeamAutoRes...
Adding Cmd.TeamFbData...
Adding Cmd.TO_DBSERVER_CMD_ID...
Adding Cmd.TO_LOGDBSERVER_CMD_ID...
Adding Cmd.Tombstone...
Adding Cmd.TotalClanNum...
Adding Cmd.TouchFbState...
Adding Cmd.UpdataEmailDataByDB...
Adding Cmd.UpdataFriendGroupDataByDB...
Adding Cmd.UpdataFriendShipDataByDB...
Adding Cmd.UpdateDBServerActivityRecord...
Adding Cmd.UpdateDBServerActivityReward...
Adding Cmd.UpdatePlayerData...
Adding Cmd.UpdatePlayerServerCode...
Adding Cmd.UpdateServerCode...
Adding Cmd.UpdateTeamInfo...
Adding Cmd.UpgradeSkillResult...
Adding Cmd.UpQuality...
Adding Cmd.UpQualityRes...
Adding Cmd.useItemCdTime...
Adding Cmd.VIEW_ENTITY_TYPE...
Adding Cmd.ViewActorAttr...
Adding Cmd.WELFARE_SIGN_LOTTERY_TYPE...
Adding Cmd.WELFARE_SIGN_TYPE...
Adding Cmd.WELFARE_TYPE...
Adding Cmd.WelfareOnline...
Adding Cmd.WelfareOnlineClient...
Adding Cmd.WelfareSignIn...
Adding Cmd.WelfareStateData...
Adding Cmd.WordInfo...
Compiling CmdSerializer to CmdSerializer.dll...
All done

F:\MT\proto_tool>copy /y Cmd.dll dll 
已复制         1 个文件。

F:\MT\proto_tool>copy /y CmdSerializer.dll dll 
已复制         1 个文件。

F:\MT\proto_tool>pause
请按任意键继续. . . 
